// Jest Snapshot v1, https://goo.gl/fbAQLP

exports[`find max element 1`] = `8`;
